%CPU %MEM ARGS Sat Oct  3 19:31:57 UTC 2026
 0.0  0.0 grep --color=auto ./cli       0  2252
  PID User     Command                         Swap      USS      PSS      RSS 
67510 codespace ./cli kernel images/2048x20        0      472      511     1644 
67506 codespace ./cli kernel images/2048x20        0      472      512     1728 
67504 codespace ./cli kernel images/2048x20        0      520      560     1772 
67508 codespace ./cli kernel images/2048x20        0      540      581     1752 
67502 codespace ./cli kernel images/2048x20        0      648      689     1920 
67496 codespace /usr/bin/python3 /usr/bin/s        0    11904    12111    14328 
%CPU %MEM ARGS Sat Oct  3 19:31:58 UTC 2026
 0.0  0.0 grep --color=auto ./cli       0  2208
26.0  0.0 ./cli kernel images/2048x20   1  2304
30.1  0.0 ./cli kernel images/2048x20   0  2560
30.7  0.0 ./cli kernel images/2048x20   1  2568
33.3  0.0 ./cli kernel images/2048x20   0  2712
33.3  0.0 ./cli kernel images/2048x20   1  2560
  PID User     Command                         Swap      USS      PSS      RSS 
67510 codespace ./cli kernel images/2048x20        0     1568     1607     2740 
67506 codespace ./cli kernel images/2048x20        0     1736     1776     2992 
67504 codespace ./cli kernel images/2048x20        0     1740     1780     2992 
67508 codespace ./cli kernel images/2048x20        0     1776     1817     2988 
67502 codespace ./cli kernel images/2048x20        0     1868     1909     3140 
67518 codespace /usr/bin/python3 /usr/bin/s        0    12064    12285    14520 
%CPU %MEM ARGS Sat Oct  3 19:31:58 UTC 2026
 0.0  0.0 grep --color=auto ./cli       1  2252
29.0  0.0 ./cli kernel images/2048x20   1  3404
31.0  0.0 ./cli kernel images/2048x20   1  3752
31.3  0.0 ./cli kernel images/2048x20   1  3664
32.6  0.0 ./cli kernel images/2048x20   0  3720
33.6  0.0 ./cli kernel images/2048x20   0  3988
  PID User     Command                         Swap      USS      PSS      RSS 
67510 codespace ./cli kernel images/2048x20        0     2720     2757     3892 
67506 codespace ./cli kernel images/2048x20        0     2860     2897     4116 
67504 codespace ./cli kernel images/2048x20        0     2944     2981     4196 
67502 codespace ./cli kernel images/2048x20        0     3204     3242     4476 
67508 codespace ./cli kernel images/2048x20        0     3508     3547     4720 
67529 codespace /usr/bin/python3 /usr/bin/s        0    12060    12243    14476 
%CPU %MEM ARGS Sat Oct  3 19:31:59 UTC 2026
 0.0  0.0 grep --color=auto ./cli       1  2252
28.2  0.0 ./cli kernel images/2048x20   0  4764
28.5  0.0 ./cli kernel images/2048x20   0  4684
29.8  0.0 ./cli kernel images/2048x20   1  4924
32.7  0.0 ./cli kernel images/2048x20   0  5284
35.1  0.0 ./cli kernel images/2048x20   1  5432
  PID User     Command                         Swap      USS      PSS      RSS 
67506 codespace ./cli kernel images/2048x20        0     3984     4021     5240 
67510 codespace ./cli kernel images/2048x20        0     4004     4041     5176 
67504 codespace ./cli kernel images/2048x20        0     4108     4145     5360 
67502 codespace ./cli kernel images/2048x20        0     4472     4510     5744 
67508 codespace ./cli kernel images/2048x20        0     4660     4699     5872 
67546 codespace /usr/bin/python3 /usr/bin/s        0    12064    12248    14480 
%CPU %MEM ARGS Sat Oct  3 19:31:59 UTC 2026
 0.0  0.0 grep --color=auto ./cli       0  2204
28.1  0.0 ./cli kernel images/2048x20   1  5836
29.8  0.0 ./cli kernel images/2048x20   0  6116
31.0  0.0 ./cli kernel images/2048x20   1  6352
31.6  0.0 ./cli kernel images/2048x20   0  6236
33.3  0.0 ./cli kernel images/2048x20   1  6576
  PID User     Command                         Swap      USS      PSS      RSS 
67506 codespace ./cli kernel images/2048x20        0     4972     5012     6228 
67504 codespace ./cli kernel images/2048x20        0     5392     5432     6644 
67502 codespace ./cli kernel images/2048x20        0     5456     5497     6728 
67510 codespace ./cli kernel images/2048x20        0     5512     5551     6684 
67508 codespace ./cli kernel images/2048x20        0     5752     5793     6964 
67559 codespace /usr/bin/python3 /usr/bin/s        0    12060    12275    14476 
%CPU %MEM ARGS Sat Oct  3 19:32:00 UTC 2026
 0.0  0.0 grep --color=auto ./cli       1  2204
28.1  0.0 ./cli kernel images/2048x20   1  6836
31.0  0.0 ./cli kernel images/2048x20   1  7288
31.3  0.0 ./cli kernel images/2048x20   0  7456
32.4  0.0 ./cli kernel images/2048x20   1  7568
32.5  0.0 ./cli kernel images/2048x20   0  7680
  PID User     Command                         Swap      USS      PSS      RSS 
67506 codespace ./cli kernel images/2048x20        0     6036     6076     7292 
67510 codespace ./cli kernel images/2048x20        0     6572     6611     7744 
67502 codespace ./cli kernel images/2048x20        0     6616     6657     7888 
67508 codespace ./cli kernel images/2048x20        0     6816     6857     8028 
67504 codespace ./cli kernel images/2048x20        0     6888     6928     8140 
67579 codespace /usr/bin/python3 /usr/bin/s        0    12060    12278    14476 
%CPU %MEM ARGS Sat Oct  3 19:32:00 UTC 2026
 0.0  0.0 grep --color=auto ./cli       1  2236
28.0  0.0 ./cli kernel images/2048x20   0  7832
30.7  0.1 ./cli kernel images/2048x20   0  8488
31.4  0.1 ./cli kernel images/2048x20   1  8472
31.7  0.1 ./cli kernel images/2048x20   0  8716
32.5  0.1 ./cli kernel images/2048x20   1  8744
  PID User     Command                         Swap      USS      PSS      RSS 
67506 codespace ./cli kernel images/2048x20        0     7048     7088     8304 
67502 codespace ./cli kernel images/2048x20        0     7680     7721     8952 
67504 codespace ./cli kernel images/2048x20        0     7936     7976     9188 
67510 codespace ./cli kernel images/2048x20        0     7988     8027     9160 
67508 codespace ./cli kernel images/2048x20        0     8220     8261     9432 
67587 codespace /usr/bin/python3 /usr/bin/s        0    12064    12282    14544 
%CPU %MEM ARGS Sat Oct  3 19:32:01 UTC 2026
 0.0  0.0 grep --color=auto ./cli       0  2172
27.3  0.1 ./cli kernel images/2048x20   0  8832
30.4  0.1 ./cli kernel images/2048x20   0  9712
30.8  0.1 ./cli kernel images/2048x20   0  9892
31.7  0.1 ./cli kernel images/2048x20   1  9900
32.1  0.1 ./cli kernel images/2048x20   1 10048
  PID User     Command                         Swap      USS      PSS      RSS 
67506 codespace ./cli kernel images/2048x20        0     8032     8064     9288 
67504 codespace ./cli kernel images/2048x20        0     9124     9156    10376 
67510 codespace ./cli kernel images/2048x20        0     9188     9225    10360 
67502 codespace ./cli kernel images/2048x20        0     9256     9289    10528 
67508 codespace ./cli kernel images/2048x20        0     9296     9330    10508 
67613 codespace /usr/bin/python3 /usr/bin/s        0    12056    12243    14472 
%CPU %MEM ARGS Sat Oct  3 19:32:02 UTC 2026
 0.0  0.0 grep --color=auto ./cli       0  2200
27.1  0.1 ./cli kernel images/2048x20   1  9972
30.9  0.1 ./cli kernel images/2048x20   1 11028
31.4  0.1 ./cli kernel images/2048x20   0 11304
31.5  0.1 ./cli kernel images/2048x20   1 11180
32.0  0.1 ./cli kernel images/2048x20   0 11488
  PID User     Command                         Swap      USS      PSS      RSS 
67506 codespace ./cli kernel images/2048x20        0     9148     9185    10404 
67510 codespace ./cli kernel images/2048x20        0    10308    10345    11480 
67508 codespace ./cli kernel images/2048x20        0    10412    10451    11624 
67504 codespace ./cli kernel images/2048x20        0    10488    10525    11740 
67502 codespace ./cli kernel images/2048x20        0    10604    10642    11876 
67625 codespace /usr/bin/python3 /usr/bin/s        0    12072    12277    14580 
%CPU %MEM ARGS Sat Oct  3 19:32:02 UTC 2026
 0.0  0.0 grep --color=auto ./cli       1  2192
28.0  0.1 ./cli kernel images/2048x20   0 11200
31.1  0.1 ./cli kernel images/2048x20   1 12132
31.4  0.1 ./cli kernel images/2048x20   1 12280
31.8  0.1 ./cli kernel images/2048x20   1 12548
32.0  0.1 ./cli kernel images/2048x20   0 12540
  PID User     Command                         Swap      USS      PSS      RSS 
67506 codespace ./cli kernel images/2048x20        0    10408    10448    11664 
67510 codespace ./cli kernel images/2048x20        0    11480    11519    12652 
67508 codespace ./cli kernel images/2048x20        0    11576    11617    12788 
67504 codespace ./cli kernel images/2048x20        0    11744    11784    12996 
67502 codespace ./cli kernel images/2048x20        0    11752    11793    13024 
67646 codespace /usr/bin/python3 /usr/bin/s        0    12056    12278    14508 
%CPU %MEM ARGS Sat Oct  3 19:32:03 UTC 2026
 0.0  0.0 grep --color=auto ./cli       1  2172
28.7  0.1 ./cli kernel images/2048x20   0 12528
31.0  0.1 ./cli kernel images/2048x20   1 13300
31.4  0.1 ./cli kernel images/2048x20   1 13448
31.5  0.1 ./cli kernel images/2048x20   1 13724
32.2  0.1 ./cli kernel images/2048x20   0 13864
  PID User     Command                         Swap      USS      PSS      RSS 
67506 codespace ./cli kernel images/2048x20        0    11864    11904    13120 
67652 codespace /usr/bin/python3 /usr/bin/s        0    12064    12286    14516 
67510 codespace ./cli kernel images/2048x20        0    12608    12647    13780 
67508 codespace ./cli kernel images/2048x20        0    12720    12761    13932 
67502 codespace ./cli kernel images/2048x20        0    12892    12933    14164 
67504 codespace ./cli kernel images/2048x20        0    13184    13224    14436 
%CPU %MEM ARGS Sat Oct  3 19:32:03 UTC 2026
 0.0  0.0 grep --color=auto ./cli       1  2196
29.2  0.1 ./cli kernel images/2048x20   1 13948
31.1  0.1 ./cli kernel images/2048x20   0 14568
31.2  0.1 ./cli kernel images/2048x20   0 14544
31.8  0.1 ./cli kernel images/2048x20   1 15016
32.4  0.1 ./cli kernel images/2048x20   0 15240
  PID User     Command                         Swap      USS      PSS      RSS 
67657 codespace /usr/bin/python3 /usr/bin/s        0    12060    12244    14476 
67506 codespace ./cli kernel images/2048x20        0    13140    13178    14396 
67508 codespace ./cli kernel images/2048x20        0    13788    13827    15000 
67510 codespace ./cli kernel images/2048x20        0    13816    13853    14988 
67502 codespace ./cli kernel images/2048x20        0    14168    14208    15440 
67504 codespace ./cli kernel images/2048x20        0    14396    14435    15648 
%CPU %MEM ARGS Sat Oct  3 19:32:04 UTC 2026
 0.0  0.0 grep --color=auto ./cli       0  2180
28.8  0.1 ./cli kernel images/2048x20   1 14896
30.4  0.1 ./cli kernel images/2048x20   0 15416
30.5  0.1 ./cli kernel images/2048x20   0 15420
31.2  0.1 ./cli kernel images/2048x20   1 15964
31.6  0.1 ./cli kernel images/2048x20   0 16108
  PID User     Command                         Swap      USS      PSS      RSS 
67669 codespace /usr/bin/python3 /usr/bin/s        0    12104    12331    14612 
67506 codespace ./cli kernel images/2048x20        0    14080    14120    15336 
67508 codespace ./cli kernel images/2048x20        0    14668    14709    15880 
67510 codespace ./cli kernel images/2048x20        0    14720    14759    15892 
67502 codespace ./cli kernel images/2048x20        0    15116    15157    16388 
67504 codespace ./cli kernel images/2048x20        0    15300    15340    16552 
%CPU %MEM ARGS Sat Oct  3 19:32:04 UTC 2026
 0.0  0.0 grep --color=auto ./cli       1  2148
29.5  0.1 ./cli kernel images/2048x20   1 16220
30.4  0.2 ./cli kernel images/2048x20   0 16564
30.6  0.2 ./cli kernel images/2048x20   0 16560
31.6  0.2 ./cli kernel images/2048x20   1 17288
31.6  0.2 ./cli kernel images/2048x20   0 17256
  PID User     Command                         Swap      USS      PSS      RSS 
67674 codespace /usr/bin/python3 /usr/bin/s        0    12064    12299    14584 
67506 codespace ./cli kernel images/2048x20        0    15424    15464    16680 
67508 codespace ./cli kernel images/2048x20        0    15828    15869    17040 
67510 codespace ./cli kernel images/2048x20        0    15872    15911    17044 
67502 codespace ./cli kernel images/2048x20        0    16452    16493    17724 
67504 codespace ./cli kernel images/2048x20        0    16456    16496    17708 
%CPU %MEM ARGS Sat Oct  3 19:32:05 UTC 2026
 0.0  0.0 grep --color=auto ./cli       0  2308
29.7  0.2 ./cli kernel images/2048x20   1 17428
30.5  0.2 ./cli kernel images/2048x20   1 17648
31.0  0.2 ./cli kernel images/2048x20   0 17956
31.5  0.2 ./cli kernel images/2048x20   1 18348
31.5  0.2 ./cli kernel images/2048x20   1 18492
  PID User     Command                         Swap      USS      PSS      RSS 
67680 codespace /usr/bin/python3 /usr/bin/s        0    12052    12278    14472 
67506 codespace ./cli kernel images/2048x20        0    16488    16528    17744 
67510 codespace ./cli kernel images/2048x20        0    16824    16863    17996 
67508 codespace ./cli kernel images/2048x20        0    17200    17241    18412 
67504 codespace ./cli kernel images/2048x20        0    17404    17444    18656 
67502 codespace ./cli kernel images/2048x20        0    17524    17565    18796 
%CPU %MEM ARGS Sat Oct  3 19:32:05 UTC 2026
 0.0  0.0 grep --color=auto ./cli       1  2196
29.7  0.2 ./cli kernel images/2048x20   1 18452
30.5  0.2 ./cli kernel images/2048x20   1 18680
31.4  0.2 ./cli kernel images/2048x20   0 19260
31.6  0.2 ./cli kernel images/2048x20   1 19512
31.6  0.2 ./cli kernel images/2048x20   0 19544
  PID User     Command                         Swap      USS      PSS      RSS 
67685 codespace /usr/bin/python3 /usr/bin/s        0    12048    12261    14464 
67506 codespace ./cli kernel images/2048x20        0    17688    17728    18944 
67510 codespace ./cli kernel images/2048x20        0    18024    18063    19196 
67508 codespace ./cli kernel images/2048x20        0    18700    18741    19912 
67502 codespace ./cli kernel images/2048x20        0    18708    18749    19980 
67504 codespace ./cli kernel images/2048x20        0    18908    18948    20160 
%CPU %MEM ARGS Sat Oct  3 19:32:06 UTC 2026
 0.0  0.0 grep --color=auto ./cli       1  2176
30.0  0.2 ./cli kernel images/2048x20   1 19816
30.6  0.2 ./cli kernel images/2048x20   1 20044
31.2  0.2 ./cli kernel images/2048x20   0 20596
31.4  0.2 ./cli kernel images/2048x20   0 20508
31.7  0.2 ./cli kernel images/2048x20   1 20816
  PID User     Command                         Swap      USS      PSS      RSS 
67695 codespace /usr/bin/python3 /usr/bin/s        0    12060    12274    14476 
67506 codespace ./cli kernel images/2048x20        0    19012    19052    20268 
67510 codespace ./cli kernel images/2048x20        0    19352    19391    20524 
67502 codespace ./cli kernel images/2048x20        0    19952    19993    21224 
67508 codespace ./cli kernel images/2048x20        0    19964    20005    21176 
67504 codespace ./cli kernel images/2048x20        0    20020    20060    21272 
%CPU %MEM ARGS Sat Oct  3 19:32:06 UTC 2026
 0.0  0.0 grep --color=auto ./cli       1  2132
29.4  0.2 ./cli kernel images/2048x20   1 20896
29.8  0.2 ./cli kernel images/2048x20   1 20968
30.7  0.2 ./cli kernel images/2048x20   0 21768
30.9  0.2 ./cli kernel images/2048x20   1 21860
30.9  0.2 ./cli kernel images/2048x20   0 21736
  PID User     Command                         Swap      USS      PSS      RSS 
67728 codespace /usr/bin/python3 /usr/bin/s        0    12056    12269    14472 
67506 codespace ./cli kernel images/2048x20        0    20096    20136    21352 
67510 codespace ./cli kernel images/2048x20        0    20248    20287    21420 
67502 codespace ./cli kernel images/2048x20        0    21016    21057    22288 
67504 codespace ./cli kernel images/2048x20        0    21256    21296    22508 
67508 codespace ./cli kernel images/2048x20        0    21300    21341    22512 
%CPU %MEM ARGS Sat Oct  3 19:32:07 UTC 2026
 0.0  0.0 grep --color=auto ./cli       0  2196
29.2  0.2 ./cli kernel images/2048x20   1 22080
29.5  0.2 ./cli kernel images/2048x20   1 22040
30.7  0.2 ./cli kernel images/2048x20   1 23044
31.2  0.2 ./cli kernel images/2048x20   0 23420
31.3  0.2 ./cli kernel images/2048x20   0 23380
  PID User     Command                         Swap      USS      PSS      RSS 
67733 codespace /usr/bin/python3 /usr/bin/s        0    12060    12277    14512 
67506 codespace ./cli kernel images/2048x20        0    21268    21308    22524 
67510 codespace ./cli kernel images/2048x20        0    21344    21383    22516 
67502 codespace ./cli kernel images/2048x20        0    22184    22225    23456 
67504 codespace ./cli kernel images/2048x20        0    22616    22656    23868 
67508 codespace ./cli kernel images/2048x20        0    22640    22681    23852 
%CPU %MEM ARGS Sat Oct  3 19:32:08 UTC 2026
 0.0  0.0 grep --color=auto ./cli       1  2156
29.4  0.2 ./cli kernel images/2048x20   1 23188
29.6  0.2 ./cli kernel images/2048x20   1 23144
30.7  0.2 ./cli kernel images/2048x20   1 24136
31.5  0.3 ./cli kernel images/2048x20   0 24752
31.6  0.3 ./cli kernel images/2048x20   0 24696
  PID User     Command                         Swap      USS      PSS      RSS 
67739 codespace /usr/bin/python3 /usr/bin/s        0    12060    12291    14516 
67506 codespace ./cli kernel images/2048x20        0    22444    22484    23700 
67510 codespace ./cli kernel images/2048x20        0    22464    22503    23636 
67502 codespace ./cli kernel images/2048x20        0    23360    23401    24632 
67504 codespace ./cli kernel images/2048x20        0    23940    23980    25192 
67508 codespace ./cli kernel images/2048x20        0    23956    23997    25168 
%CPU %MEM ARGS Sat Oct  3 19:32:08 UTC 2026
 0.0  0.0 grep --color=auto ./cli       1  2156
29.4  0.2 ./cli kernel images/2048x20   1 24360
29.6  0.2 ./cli kernel images/2048x20   1 24284
30.6  0.3 ./cli kernel images/2048x20   1 25320
31.5  0.3 ./cli kernel images/2048x20   0 25964
31.6  0.3 ./cli kernel images/2048x20   0 25904
  PID User     Command                         Swap      USS      PSS      RSS 
67750 codespace /usr/bin/python3 /usr/bin/s        0    12056    12263    14448 
67506 codespace ./cli kernel images/2048x20        0    23564    23604    24820 
67510 codespace ./cli kernel images/2048x20        0    23580    23619    24752 
67502 codespace ./cli kernel images/2048x20        0    24496    24537    25768 
67508 codespace ./cli kernel images/2048x20        0    25164    25205    26376 
67504 codespace ./cli kernel images/2048x20        0    25192    25232    26444 
%CPU %MEM ARGS Sat Oct  3 19:32:09 UTC 2026
 0.0  0.0 grep --color=auto ./cli       1  2176
29.4  0.3 ./cli kernel images/2048x20   1 25452
29.6  0.3 ./cli kernel images/2048x20   1 25384
30.6  0.3 ./cli kernel images/2048x20   1 26400
31.7  0.3 ./cli kernel images/2048x20   0 27132
31.8  0.3 ./cli kernel images/2048x20   0 27376
  PID User     Command                         Swap      USS      PSS      RSS 
67756 codespace /usr/bin/python3 /usr/bin/s        0    12060    12281    14476 
67506 codespace ./cli kernel images/2048x20        0    24688    24728    25944 
67510 codespace ./cli kernel images/2048x20        0    24716    24755    25888 
67502 codespace ./cli kernel images/2048x20        0    25672    25713    26944 
67504 codespace ./cli kernel images/2048x20        0    26600    26640    27852 
67508 codespace ./cli kernel images/2048x20        0    27244    27285    28456 
%CPU %MEM ARGS Sat Oct  3 19:32:09 UTC 2026
 0.0  0.0 grep --color=auto ./cli       0  2340
29.5  0.3 ./cli kernel images/2048x20   1 26848
29.6  0.3 ./cli kernel images/2048x20   1 26768
30.5  0.3 ./cli kernel images/2048x20   1 27760
31.4  0.3 ./cli kernel images/2048x20   0 28540
32.4  0.3 ./cli kernel images/2048x20   0 29212
  PID User     Command                         Swap      USS      PSS      RSS 
67761 codespace /usr/bin/python3 /usr/bin/s        0    12060    12277    14476 
67506 codespace ./cli kernel images/2048x20        0    26056    26096    27312 
67510 codespace ./cli kernel images/2048x20        0    26088    26127    27260 
67502 codespace ./cli kernel images/2048x20        0    26924    26965    28196 
67504 codespace ./cli kernel images/2048x20        0    27700    27740    28952 
67508 codespace ./cli kernel images/2048x20        0    28456    28497    29668 
%CPU %MEM ARGS Sat Oct  3 19:32:10 UTC 2026
 0.0  0.0 grep --color=auto ./cli       1  2344
29.6  0.3 ./cli kernel images/2048x20   1 28000
29.7  0.3 ./cli kernel images/2048x20   1 27916
30.6  0.3 ./cli kernel images/2048x20   1 28908
31.5  0.3 ./cli kernel images/2048x20   0 29796
32.5  0.3 ./cli kernel images/2048x20   0 30468
  PID User     Command                         Swap      USS      PSS      RSS 
67767 codespace /usr/bin/python3 /usr/bin/s        0    12060    12276    14544 
67506 codespace ./cli kernel images/2048x20        0    27264    27304    28520 
67510 codespace ./cli kernel images/2048x20        0    27292    27331    28464 
67502 codespace ./cli kernel images/2048x20        0    28128    28169    29400 
67504 codespace ./cli kernel images/2048x20        0    29000    29040    30252 
67508 codespace ./cli kernel images/2048x20        0    29740    29781    30952 
%CPU %MEM ARGS Sat Oct  3 19:32:10 UTC 2026
 0.0  0.0 grep --color=auto ./cli       0  2344
29.6  0.3 ./cli kernel images/2048x20   1 29144
29.7  0.3 ./cli kernel images/2048x20   1 29072
30.5  0.3 ./cli kernel images/2048x20   1 30048
31.4  0.3 ./cli kernel images/2048x20   0 30988
32.5  0.3 ./cli kernel images/2048x20   0 31668
  PID User     Command                         Swap      USS      PSS      RSS 
67778 codespace /usr/bin/python3 /usr/bin/s        0    12036    12256    14520 
67506 codespace ./cli kernel images/2048x20        0    28288    28328    29544 
67510 codespace ./cli kernel images/2048x20        0    28292    28331    29464 
67502 codespace ./cli kernel images/2048x20        0    29172    29213    30444 
67504 codespace ./cli kernel images/2048x20        0    30136    30176    31388 
67508 codespace ./cli kernel images/2048x20        0    30844    30885    32056 
%CPU %MEM ARGS Sat Oct  3 19:32:11 UTC 2026
 0.0  0.0 grep --color=auto ./cli       0  2308
29.5  0.3 ./cli kernel images/2048x20   1 30056
29.7  0.3 ./cli kernel images/2048x20   0 30064
30.5  0.3 ./cli kernel images/2048x20   1 30948
31.4  0.3 ./cli kernel images/2048x20   1 31896
32.8  0.4 ./cli kernel images/2048x20   0 33064
  PID User     Command                         Swap      USS      PSS      RSS 
67784 codespace /usr/bin/python3 /usr/bin/s        0    12060    12274    14476 
67506 codespace ./cli kernel images/2048x20        0    29196    29236    30452 
67510 codespace ./cli kernel images/2048x20        0    29360    29399    30532 
67502 codespace ./cli kernel images/2048x20        0    30052    30093    31324 
67504 codespace ./cli kernel images/2048x20        0    31020    31060    32272 
67508 codespace ./cli kernel images/2048x20        0    32228    32269    33440 
%CPU %MEM ARGS Sat Oct  3 19:32:11 UTC 2026
 0.0  0.0 grep --color=auto ./cli       0  2204
29.5  0.3 ./cli kernel images/2048x20   1 31052
30.1  0.3 ./cli kernel images/2048x20   0 31524
30.3  0.3 ./cli kernel images/2048x20   1 31932
31.5  0.4 ./cli kernel images/2048x20   0 33096
32.6  0.4 ./cli kernel images/2048x20   1 34032
  PID User     Command                         Swap      USS      PSS      RSS 
67789 codespace /usr/bin/python3 /usr/bin/s        0    12060    12273    14476 
67506 codespace ./cli kernel images/2048x20        0    30240    30280    31496 
67510 codespace ./cli kernel images/2048x20        0    30820    30859    31992 
67502 codespace ./cli kernel images/2048x20        0    31088    31129    32360 
67504 codespace ./cli kernel images/2048x20        0    32276    32316    33528 
67508 codespace ./cli kernel images/2048x20        0    33280    33321    34492 
%CPU %MEM ARGS Sat Oct  3 19:32:12 UTC 2026
 0.0  0.0 grep --color=auto ./cli       1  2180
29.4  0.3 ./cli kernel images/2048x20   0 32148
30.1  0.4 ./cli kernel images/2048x20   0 32672
30.5  0.4 ./cli kernel images/2048x20   1 33224
31.5  0.4 ./cli kernel images/2048x20   1 34264
32.6  0.4 ./cli kernel images/2048x20   1 35320
  PID User     Command                         Swap      USS      PSS      RSS 
67795 codespace /usr/bin/python3 /usr/bin/s        0    12048    12242    14608 
67506 codespace ./cli kernel images/2048x20        0    31268    31307    32524 
67510 codespace ./cli kernel images/2048x20        0    31992    32030    33164 
67502 codespace ./cli kernel images/2048x20        0    32360    32400    33632 
67504 codespace ./cli kernel images/2048x20        0    33424    33463    34676 
67508 codespace ./cli kernel images/2048x20        0    34532    34572    35744 
%CPU %MEM ARGS Sat Oct  3 19:32:12 UTC 2026
 0.0  0.0 grep --color=auto ./cli       0  2212
29.3  0.4 ./cli kernel images/2048x20   1 33084
30.4  0.4 ./cli kernel images/2048x20   0 34292
30.5  0.4 ./cli kernel images/2048x20   0 34224
31.2  0.4 ./cli kernel images/2048x20   1 35232
32.5  0.4 ./cli kernel images/2048x20   0 36308
  PID User     Command                         Swap      USS      PSS      RSS 
67806 codespace /usr/bin/python3 /usr/bin/s        0    12072    12303    14584 
67506 codespace ./cli kernel images/2048x20        0    32604    32644    33860 
67502 codespace ./cli kernel images/2048x20        0    33464    33505    34736 
67510 codespace ./cli kernel images/2048x20        0    33536    33575    34708 
67504 codespace ./cli kernel images/2048x20        0    34748    34788    36000 
67508 codespace ./cli kernel images/2048x20        0    35572    35613    36784 
%CPU %MEM ARGS Sat Oct  3 19:32:13 UTC 2026
 0.0  0.0 grep --color=auto ./cli       1  2208
29.5  0.4 ./cli kernel images/2048x20   1 34612
30.3  0.4 ./cli kernel images/2048x20   1 35536
30.5  0.4 ./cli kernel images/2048x20   0 35528
31.3  0.4 ./cli kernel images/2048x20   0 36708
32.4  0.4 ./cli kernel images/2048x20   0 37600
  PID User     Command                         Swap      USS      PSS      RSS 
67818 codespace /usr/bin/python3 /usr/bin/s        0    12064    12286    14620 
67506 codespace ./cli kernel images/2048x20        0    33828    33868    35084 
67502 codespace ./cli kernel images/2048x20        0    34688    34729    35960 
67510 codespace ./cli kernel images/2048x20        0    34840    34879    36012 
67504 codespace ./cli kernel images/2048x20        0    35904    35944    37156 
67508 codespace ./cli kernel images/2048x20        0    36876    36917    38088 
%CPU %MEM ARGS Sat Oct  3 19:32:13 UTC 2026
 0.0  0.0 grep --color=auto ./cli       0  2172
29.7  0.4 ./cli kernel images/2048x20   1 36044
30.5  0.4 ./cli kernel images/2048x20   0 36680
30.6  0.4 ./cli kernel images/2048x20   1 36956
31.3  0.4 ./cli kernel images/2048x20   0 37876
32.2  0.4 ./cli kernel images/2048x20   0 38764
  PID User     Command                         Swap      USS      PSS      RSS 
67824 codespace /usr/bin/python3 /usr/bin/s        0    12060    12275    14476 
67506 codespace ./cli kernel images/2048x20        0    35248    35288    36504 
67510 codespace ./cli kernel images/2048x20        0    35984    36023    37156 
67502 codespace ./cli kernel images/2048x20        0    36144    36185    37416 
67504 codespace ./cli kernel images/2048x20        0    37056    37096    38308 
67508 codespace ./cli kernel images/2048x20        0    38012    38053    39224 
%CPU %MEM ARGS Sat Oct  3 19:32:14 UTC 2026
 0.0  0.0 grep --color=auto ./cli       0  2196
29.8  0.4 ./cli kernel images/2048x20   0 37244
30.5  0.4 ./cli kernel images/2048x20   0 37884
30.5  0.4 ./cli kernel images/2048x20   1 38148
31.2  0.4 ./cli kernel images/2048x20   0 38988
32.2  0.4 ./cli kernel images/2048x20   1 39920
  PID User     Command                         Swap      USS      PSS      RSS 
67829 codespace /usr/bin/python3 /usr/bin/s        0    12060    12279    14540 
67506 codespace ./cli kernel images/2048x20        0    36464    36504    37720 
67510 codespace ./cli kernel images/2048x20        0    37200    37239    38372 
67502 codespace ./cli kernel images/2048x20        0    37496    37537    38768 
67504 codespace ./cli kernel images/2048x20        0    38172    38212    39424 
67508 codespace ./cli kernel images/2048x20        0    39380    39421    40592 
%CPU %MEM ARGS Sat Oct  3 19:32:15 UTC 2026
 0.0  0.0 grep --color=auto ./cli       1  2248
29.9  0.4 ./cli kernel images/2048x20   0 38564
30.4  0.4 ./cli kernel images/2048x20   1 39056
30.7  0.4 ./cli kernel images/2048x20   1 39500
31.3  0.4 ./cli kernel images/2048x20   0 40304
32.3  0.5 ./cli kernel images/2048x20   1 41296
  PID User     Command                         Swap      USS      PSS      RSS 
67835 codespace /usr/bin/python3 /usr/bin/s        0    12060    12275    14540 
67506 codespace ./cli kernel images/2048x20        0    38040    38080    39296 
67510 codespace ./cli kernel images/2048x20        0    38372    38411    39544 
67502 codespace ./cli kernel images/2048x20        0    38676    38717    39948 
67504 codespace ./cli kernel images/2048x20        0    39756    39796    41008 
67508 codespace ./cli kernel images/2048x20        0    40548    40589    41760 
%CPU %MEM ARGS Sat Oct  3 19:32:15 UTC 2026
 0.0  0.0 grep --color=auto ./cli       1  2184
30.1  0.4 ./cli kernel images/2048x20   0 40012
30.5  0.4 ./cli kernel images/2048x20   1 40308
30.5  0.4 ./cli kernel images/2048x20   1 40608
31.4  0.5 ./cli kernel images/2048x20   0 41748
32.2  0.5 ./cli kernel images/2048x20   1 42544
  PID User     Command                         Swap      USS      PSS      RSS 
67846 codespace /usr/bin/python3 /usr/bin/s        0    12064    12280    14548 
67506 codespace ./cli kernel images/2048x20        0    39192    39232    40448 
67510 codespace ./cli kernel images/2048x20        0    39632    39671    40804 
67502 codespace ./cli kernel images/2048x20        0    39756    39797    41028 
67504 codespace ./cli kernel images/2048x20        0    40928    40968    42180 
67508 codespace ./cli kernel images/2048x20        0    41804    41845    43016 
%CPU %MEM ARGS Sat Oct  3 19:32:16 UTC 2026
 0.0  0.0 grep --color=auto ./cli       1  2216
30.2  0.5 ./cli kernel images/2048x20   0 41320
30.4  0.5 ./cli kernel images/2048x20   1 41412
30.5  0.5 ./cli kernel images/2048x20   1 41700
31.5  0.5 ./cli kernel images/2048x20   0 43052
32.1  0.5 ./cli kernel images/2048x20   1 43636
  PID User     Command                         Swap      USS      PSS      RSS 
67852 codespace /usr/bin/python3 /usr/bin/s        0    12060    12284    14512 
67506 codespace ./cli kernel images/2048x20        0    40644    40684    41900 
67510 codespace ./cli kernel images/2048x20        0    40720    40759    41892 
67502 codespace ./cli kernel images/2048x20        0    40856    40897    42128 
67504 codespace ./cli kernel images/2048x20        0    42356    42396    43608 
67508 codespace ./cli kernel images/2048x20        0    42896    42937    44108 
%CPU %MEM ARGS Sat Oct  3 19:32:16 UTC 2026
 0.0  0.0 grep --color=auto ./cli       0  2248
30.4  0.5 ./cli kernel images/2048x20   0 42724
30.4  0.5 ./cli kernel images/2048x20   1 42640
30.5  0.5 ./cli kernel images/2048x20   0 42996
31.5  0.5 ./cli kernel images/2048x20   1 44288
32.1  0.5 ./cli kernel images/2048x20   1 44864
  PID User     Command                         Swap      USS      PSS      RSS 
67857 codespace /usr/bin/python3 /usr/bin/s        0    12056    12272    14508 
67506 codespace ./cli kernel images/2048x20        0    41936    41976    43192 
67510 codespace ./cli kernel images/2048x20        0    42084    42123    43256 
67502 codespace ./cli kernel images/2048x20        0    42156    42197    43428 
67504 codespace ./cli kernel images/2048x20        0    43452    43492    44704 
67508 codespace ./cli kernel images/2048x20        0    44268    44309    45480 
%CPU %MEM ARGS Sat Oct  3 19:32:17 UTC 2026
 0.0  0.0 grep --color=auto ./cli       0  2252
30.1  0.5 ./cli kernel images/2048x20   1 43716
30.4  0.5 ./cli kernel images/2048x20   0 44012
30.4  0.5 ./cli kernel images/2048x20   1 43920
31.2  0.5 ./cli kernel images/2048x20   0 45268
32.0  0.5 ./cli kernel images/2048x20   1 46152
  PID User     Command                         Swap      USS      PSS      RSS 
67876 codespace /usr/bin/python3 /usr/bin/s        0    12068    12290    14592 
67506 codespace ./cli kernel images/2048x20        0    42972    43012    44228 
67502 codespace ./cli kernel images/2048x20        0    43160    43201    44432 
67510 codespace ./cli kernel images/2048x20        0    43276    43315    44448 
67504 codespace ./cli kernel images/2048x20        0    44464    44504    45716 
67508 codespace ./cli kernel images/2048x20        0    45460    45501    46672 
%CPU %MEM ARGS Sat Oct  3 19:32:17 UTC 2026
 0.0  0.0 grep --color=auto ./cli       0  2180
30.0  0.5 ./cli kernel images/2048x20   1 44872
30.3  0.5 ./cli kernel images/2048x20   1 45268
30.3  0.5 ./cli kernel images/2048x20   1 45064
31.3  0.5 ./cli kernel images/2048x20   0 46780
31.9  0.5 ./cli kernel images/2048x20   1 47304
  PID User     Command                         Swap      USS      PSS      RSS 
67892 codespace /usr/bin/python3 /usr/bin/s        0    12044    12230    14464 
67506 codespace ./cli kernel images/2048x20        0    43868    43907    45124 
67510 codespace ./cli kernel images/2048x20        0    44156    44194    45328 
67502 codespace ./cli kernel images/2048x20        0    44216    44256    45488 
67504 codespace ./cli kernel images/2048x20        0    45944    45983    47196 
67508 codespace ./cli kernel images/2048x20        0    46352    46392    47564 
%CPU %MEM ARGS Sat Oct  3 19:32:18 UTC 2026
 0.0  0.0 grep --color=auto ./cli       0  2176
29.9  0.5 ./cli kernel images/2048x20   0 45764
30.3  0.5 ./cli kernel images/2048x20   1 46268
30.3  0.5 ./cli kernel images/2048x20   1 46080
31.4  0.5 ./cli kernel images/2048x20   0 47936
31.8  0.5 ./cli kernel images/2048x20   0 48252
  PID User     Command                         Swap      USS      PSS      RSS 
67904 codespace /usr/bin/python3 /usr/bin/s        0    12064    12294    14572 
67510 codespace ./cli kernel images/2048x20        0    45400    45439    46572 
67502 codespace ./cli kernel images/2048x20        0    45428    45469    46700 
67506 codespace ./cli kernel images/2048x20        0    45496    45536    46752 
67504 codespace ./cli kernel images/2048x20        0    47136    47176    48388 
67508 codespace ./cli kernel images/2048x20        0    47672    47713    48884 
%CPU %MEM ARGS Sat Oct  3 19:32:18 UTC 2026
 0.0  0.0 grep --color=auto ./cli       1  2212
30.3  0.5 ./cli kernel images/2048x20   1 47328
30.3  0.5 ./cli kernel images/2048x20   0 47632
30.3  0.5 ./cli kernel images/2048x20   0 47644
31.2  0.6 ./cli kernel images/2048x20   1 49100
31.8  0.6 ./cli kernel images/2048x20   0 49656
  PID User     Command                         Swap      USS      PSS      RSS 
67910 codespace /usr/bin/python3 /usr/bin/s        0    12052    12276    14472 
67510 codespace ./cli kernel images/2048x20        0    46656    46695    47828 
67502 codespace ./cli kernel images/2048x20        0    46804    46845    48076 
67506 codespace ./cli kernel images/2048x20        0    46844    46884    48100 
67504 codespace ./cli kernel images/2048x20        0    48284    48324    49536 
67508 codespace ./cli kernel images/2048x20        0    48932    48973    50144 
%CPU %MEM ARGS Sat Oct  3 19:32:19 UTC 2026
 0.0  0.0 grep --color=auto ./cli       1  2252
30.2  0.5 ./cli kernel images/2048x20   0 48768
30.3  0.5 ./cli kernel images/2048x20   1 48636
30.3  0.5 ./cli kernel images/2048x20   0 48788
31.2  0.6 ./cli kernel images/2048x20   1 50396
31.7  0.6 ./cli kernel images/2048x20   0 52420
  PID User     Command                         Swap      USS      PSS      RSS 
67915 codespace /usr/bin/python3 /usr/bin/s        0    12020    12233    14436 
67502 codespace ./cli kernel images/2048x20        0    47936    47977    49208 
67506 codespace ./cli kernel images/2048x20        0    47972    48012    49228 
67510 codespace ./cli kernel images/2048x20        0    48260    48299    49432 
67504 codespace ./cli kernel images/2048x20        0    52940    52980    54192 
67508 codespace ./cli kernel images/2048x20        0    54012    54053    55224 
%CPU %MEM ARGS Sat Oct  3 19:32:20 UTC 2026
 0.0  0.0 grep --color=auto ./cli       1  2172
30.2  0.6 ./cli kernel images/2048x20   0 50048
30.2  0.6 ./cli kernel images/2048x20   0 50032
30.4  0.6 ./cli kernel images/2048x20   0 50108
31.4  0.7 ./cli kernel images/2048x20   1 59108
31.6  0.7 ./cli kernel images/2048x20   1 59544
  PID User     Command                         Swap      USS      PSS      RSS 
67927 codespace /usr/bin/python3 /usr/bin/s        0    12072    12297    14596 
67502 codespace ./cli kernel images/2048x20        0    49176    49217    50448 
67506 codespace ./cli kernel images/2048x20        0    49228    49268    50484 
67510 codespace ./cli kernel images/2048x20        0    50100    50139    51272 
67504 codespace ./cli kernel images/2048x20        0    61572    61612    62824 
67508 codespace ./cli kernel images/2048x20        0    62228    62269    63440 
%CPU %MEM ARGS Sat Oct  3 19:32:20 UTC 2026
 0.0  0.0 grep --color=auto ./cli       0  2184
30.2  0.6 ./cli kernel images/2048x20   0 54128
30.2  0.6 ./cli kernel images/2048x20   0 54140
30.3  0.6 ./cli kernel images/2048x20   0 55004
31.6  0.8 ./cli kernel images/2048x20   1 68020
31.8  0.8 ./cli kernel images/2048x20   1 68488
  PID User     Command                         Swap      USS      PSS      RSS 
67932 codespace /usr/bin/python3 /usr/bin/s        0    12052    12248    14472 
67502 codespace ./cli kernel images/2048x20        0    55144    55185    56416 
67506 codespace ./cli kernel images/2048x20        0    55460    55500    56716 
67510 codespace ./cli kernel images/2048x20        0    56660    56699    57832 
67504 codespace ./cli kernel images/2048x20        0    69184    69224    70436 
67508 codespace ./cli kernel images/2048x20        0    69944    69985    71156 
%CPU %MEM ARGS Sat Oct  3 19:32:21 UTC 2026
 0.0  0.0 grep --color=auto ./cli       0  2344
30.1  0.7 ./cli kernel images/2048x20   1 60556
30.2  0.7 ./cli kernel images/2048x20   1 60476
30.3  0.7 ./cli kernel images/2048x20   1 61424
31.5  0.9 ./cli kernel images/2048x20   1 74908
31.8  0.9 ./cli kernel images/2048x20   1 75356
  PID User     Command                         Swap      USS      PSS      RSS 
67938 codespace /usr/bin/python3 /usr/bin/s        0    12060    12277    14476 
67502 codespace ./cli kernel images/2048x20        0    59728    59769    61000 
67506 codespace ./cli kernel images/2048x20        0    59968    60008    61224 
67510 codespace ./cli kernel images/2048x20        0    61268    61307    62440 
67504 codespace ./cli kernel images/2048x20        0    74312    74352    75564 
67508 codespace ./cli kernel images/2048x20        0    74928    74969    76140 
%CPU %MEM ARGS Sat Oct  3 19:32:21 UTC 2026
 0.0  0.0 grep --color=auto ./cli       1  2176
30.1  0.7 ./cli kernel images/2048x20   1 64708
30.2  0.8 ./cli kernel images/2048x20   0 65536
30.5  0.8 ./cli kernel images/2048x20   0 67400
31.5  0.9 ./cli kernel images/2048x20   1 79044
31.7  0.9 ./cli kernel images/2048x20   1 79520
  PID User     Command                         Swap      USS      PSS      RSS 
67943 codespace /usr/bin/python3 /usr/bin/s        0    12056    12284    14508 
67506 codespace ./cli kernel images/2048x20        0    66388    66427    67644 
67502 codespace ./cli kernel images/2048x20        0    66408    66449    67680 
67510 codespace ./cli kernel images/2048x20        0    69032    69068    70204 
67504 codespace ./cli kernel images/2048x20        0    79952    79992    81204 
67508 codespace ./cli kernel images/2048x20        0    81356    81394    82568 
%CPU %MEM ARGS Sat Oct  3 19:32:22 UTC 2026
 0.0  0.0 grep --color=auto ./cli       0  2196
30.1  0.8 ./cli kernel images/2048x20   1 71728
30.3  0.8 ./cli kernel images/2048x20   0 72988
30.5  0.9 ./cli kernel images/2048x20   0 74928
31.5  1.0 ./cli kernel images/2048x20   1 85412
31.7  1.0 ./cli kernel images/2048x20   1 86532
  PID User     Command                         Swap      USS      PSS      RSS 
67955 codespace /usr/bin/python3 /usr/bin/s        0    12060    12273    14476 
67506 codespace ./cli kernel images/2048x20        0    72956    72996    74212 
67502 codespace ./cli kernel images/2048x20        0    74012    74053    75284 
67510 codespace ./cli kernel images/2048x20        0    76516    76555    77688 
67504 codespace ./cli kernel images/2048x20        0    86668    86708    87920 
67508 codespace ./cli kernel images/2048x20        0    87912    87953    89124 
%CPU %MEM ARGS Sat Oct  3 19:32:22 UTC 2026
 0.0  0.0 grep --color=auto ./cli       0  2292
30.1  0.9 ./cli kernel images/2048x20   1 78504
30.4  0.9 ./cli kernel images/2048x20   0 80440
30.5  1.0 ./cli kernel images/2048x20   1 81388
31.5  1.1 ./cli kernel images/2048x20   1 92184
31.8  1.1 ./cli kernel images/2048x20   0 93828
  PID User     Command                         Swap      USS      PSS      RSS 
67960 codespace /usr/bin/python3 /usr/bin/s        0    12056    12269    14472 
67506 codespace ./cli kernel images/2048x20        0    79148    79188    80404 
67502 codespace ./cli kernel images/2048x20        0    80600    80641    81872 
67510 codespace ./cli kernel images/2048x20        0    82412    82451    83584 
67504 codespace ./cli kernel images/2048x20        0    92736    92776    93988 
67508 codespace ./cli kernel images/2048x20        0    95260    95301    96472 
%CPU %MEM ARGS Sat Oct  3 19:32:23 UTC 2026
 0.0  0.0 grep --color=auto ./cli       1  2340
30.2  1.0 ./cli kernel images/2048x20   0 84508
30.4  1.0 ./cli kernel images/2048x20   1 86264
30.7  1.0 ./cli kernel images/2048x20   0 88768
31.4  1.2 ./cli kernel images/2048x20   1 98264
  PID User     Command                         Swap      USS      PSS      RSS 
67966 codespace /usr/bin/python3 /usr/bin/s        0    12056    12283    14508 
67506 codespace ./cli kernel images/2048x20        0    86148    86194    87404 
67502 codespace ./cli kernel images/2048x20        0    87492    87539    88764 
67510 codespace ./cli kernel images/2048x20        0    90220    90266    91392 
%CPU %MEM ARGS Sat Oct  3 19:32:23 UTC 2026
 0.0  0.0 grep --color=auto ./cli       0  2296
30.3  1.1 ./cli kernel images/2048x20   0 91644
30.5  1.1 ./cli kernel images/2048x20   0 93196
31.1  1.2 ./cli kernel images/2048x20   1 99040
  PID User     Command                         Swap      USS      PSS      RSS 
67977 codespace /usr/bin/python3 /usr/bin/s        0    12052    12250    14580 
67506 codespace ./cli kernel images/2048x20        0    92180    92228    93436 
67502 codespace ./cli kernel images/2048x20        0    93568    93617    94840 
%CPU %MEM ARGS Sat Oct  3 19:32:23 UTC 2026
 0.0  0.0 grep --color=auto ./cli       1  2252
30.7  0.1 ./cli kernel images/2048x20   0 15344
  PID User     Command                         Swap      USS      PSS      RSS 
67982 codespace /usr/bin/python3 /usr/bin/s        0    11904    12140    14344 
