%CPU %MEM ARGS Sat Oct  3 19:06:37 UTC 2026
 0.0  0.0 grep --color=auto ./cli       1  2304
 0.0  0.0 ./cli kernel images/2048x20   0  1360
  PID User     Command                         Swap      USS      PSS      RSS 
56921 codespace ./cli kernel images/2048x20        0      468      513     1704 
56916 codespace /usr/bin/python3 /usr/bin/s        0    11904    12127    14372 
%CPU %MEM ARGS Sat Oct  3 19:06:37 UTC 2026
 0.0  0.0 grep --color=auto ./cli       1  2308
74.1  0.0 ./cli kernel images/2048x20   1  3276
  PID User     Command                         Swap      USS      PSS      RSS 
56921 codespace ./cli kernel images/2048x20        0     2456     2501     3692 
56931 codespace /usr/bin/python3 /usr/bin/s        0    12020    12238    14436 
%CPU %MEM ARGS Sat Oct  3 19:06:37 UTC 2026
 0.0  0.0 grep --color=auto ./cli       1  2248
85.4  0.0 ./cli kernel images/2048x20   0  5580
  PID User     Command                         Swap      USS      PSS      RSS 
56921 codespace ./cli kernel images/2048x20        0     4776     4821     6012 
56941 codespace /usr/bin/python3 /usr/bin/s        0    12020    12238    14436 
%CPU %MEM ARGS Sat Oct  3 19:06:38 UTC 2026
 0.0  0.0 grep --color=auto ./cli       1  2160
85.8  0.0 ./cli kernel images/2048x20   1  7784
  PID User     Command                         Swap      USS      PSS      RSS 
56921 codespace ./cli kernel images/2048x20        0     6848     6893     8084 
56949 codespace /usr/bin/python3 /usr/bin/s        0    12020    12241    14424 
%CPU %MEM ARGS Sat Oct  3 19:06:38 UTC 2026
 0.0  0.0 grep --color=auto ./cli       0  2288
86.1  0.1 ./cli kernel images/2048x20   0  9940
  PID User     Command                         Swap      USS      PSS      RSS 
56921 codespace ./cli kernel images/2048x20        0     9052     9093    10288 
56966 codespace /usr/bin/python3 /usr/bin/s        0    12016    12207    14496 
%CPU %MEM ARGS Sat Oct  3 19:06:38 UTC 2026
 0.0  0.0 grep --color=auto ./cli       1  2304
86.8  0.1 ./cli kernel images/2048x20   1 12180
  PID User     Command                         Swap      USS      PSS      RSS 
56921 codespace ./cli kernel images/2048x20        0    11348    11389    12584 
56972 codespace /usr/bin/python3 /usr/bin/s        0    12020    12213    14504 
%CPU %MEM ARGS Sat Oct  3 19:06:39 UTC 2026
 0.0  0.0 grep --color=auto ./cli       1  2248
84.6  0.1 ./cli kernel images/2048x20   0 13844
  PID User     Command                         Swap      USS      PSS      RSS 
56977 codespace /usr/bin/python3 /usr/bin/s        0    12016    12207    14432 
56921 codespace ./cli kernel images/2048x20        0    13032    13073    14268 
%CPU %MEM ARGS Sat Oct  3 19:06:39 UTC 2026
 0.0  0.0 grep --color=auto ./cli       1  2200
85.8  0.1 ./cli kernel images/2048x20   1 16020
  PID User     Command                         Swap      USS      PSS      RSS 
56990 codespace /usr/bin/python3 /usr/bin/s        0    12016    12241    14436 
56921 codespace ./cli kernel images/2048x20        0    15168    15213    16404 
%CPU %MEM ARGS Sat Oct  3 19:06:39 UTC 2026
 0.0  0.0 grep --color=auto ./cli       1  2064
83.0  0.2 ./cli kernel images/2048x20   1 17400
  PID User     Command                         Swap      USS      PSS      RSS 
57010 codespace /usr/bin/python3 /usr/bin/s        0    12012    12207    14432 
56921 codespace ./cli kernel images/2048x20        0    16524    16568    17760 
%CPU %MEM ARGS Sat Oct  3 19:06:40 UTC 2026
 0.0  0.0 grep --color=auto ./cli       1  2152
81.9  0.2 ./cli kernel images/2048x20   0 19480
  PID User     Command                         Swap      USS      PSS      RSS 
57032 codespace /usr/bin/python3 /usr/bin/s        0    12016    12243    14500 
56921 codespace ./cli kernel images/2048x20        0    18596    18641    19832 
%CPU %MEM ARGS Sat Oct  3 19:06:40 UTC 2026
 0.0  0.0 grep --color=auto ./cli       0  2184
82.3  0.2 ./cli kernel images/2048x20   1 21556
  PID User     Command                         Swap      USS      PSS      RSS 
57037 codespace /usr/bin/python3 /usr/bin/s        0    12020    12253    14544 
56921 codespace ./cli kernel images/2048x20        0    20696    20742    21932 
%CPU %MEM ARGS Sat Oct  3 19:06:40 UTC 2026
 0.0  0.0 grep --color=auto ./cli       0  2180
84.1  0.2 ./cli kernel images/2048x20   0 23852
  PID User     Command                         Swap      USS      PSS      RSS 
57043 codespace /usr/bin/python3 /usr/bin/s        0    12012    12214    14456 
56921 codespace ./cli kernel images/2048x20        0    23008    23054    24244 
%CPU %MEM ARGS Sat Oct  3 19:06:41 UTC 2026
 0.0  0.0 grep --color=auto ./cli       0  2172
84.8  0.3 ./cli kernel images/2048x20   0 26176
  PID User     Command                         Swap      USS      PSS      RSS 
57048 codespace /usr/bin/python3 /usr/bin/s        0    12016    12239    14496 
56921 codespace ./cli kernel images/2048x20        0    25336    25381    26572 
%CPU %MEM ARGS Sat Oct  3 19:06:41 UTC 2026
 0.0  0.0 grep --color=auto ./cli       1  2212
85.7  0.3 ./cli kernel images/2048x20   0 28380
  PID User     Command                         Swap      USS      PSS      RSS 
57065 codespace /usr/bin/python3 /usr/bin/s        0    12016    12192    14408 
56921 codespace ./cli kernel images/2048x20        0    27516    27557    28752 
%CPU %MEM ARGS Sat Oct  3 19:06:41 UTC 2026
 0.0  0.0 grep --color=auto ./cli       1  2308
86.2  0.3 ./cli kernel images/2048x20   1 30592
  PID User     Command                         Swap      USS      PSS      RSS 
57070 codespace /usr/bin/python3 /usr/bin/s        0    12016    12208    14468 
56921 codespace ./cli kernel images/2048x20        0    29748    29789    30984 
%CPU %MEM ARGS Sat Oct  3 19:06:41 UTC 2026
 0.0  0.0 grep --color=auto ./cli       0  2184
86.4  0.4 ./cli kernel images/2048x20   0 32868
  PID User     Command                         Swap      USS      PSS      RSS 
57079 codespace /usr/bin/python3 /usr/bin/s        0    12016    12216    14472 
56921 codespace ./cli kernel images/2048x20        0    31992    32033    33228 
%CPU %MEM ARGS Sat Oct  3 19:06:42 UTC 2026
 0.0  0.0 grep --color=auto ./cli       0  2296
86.8  0.4 ./cli kernel images/2048x20   1 35108
  PID User     Command                         Swap      USS      PSS      RSS 
57087 codespace /usr/bin/python3 /usr/bin/s        0    12040    12268    14460 
56921 codespace ./cli kernel images/2048x20        0    34256    34301    35492 
%CPU %MEM ARGS Sat Oct  3 19:06:42 UTC 2026
 0.0  0.0 grep --color=auto ./cli       0  2172
87.2  0.4 ./cli kernel images/2048x20   1 37344
  PID User     Command                         Swap      USS      PSS      RSS 
57100 codespace /usr/bin/python3 /usr/bin/s        0    11984    12205    14400 
56921 codespace ./cli kernel images/2048x20        0    36488    36533    37724 
%CPU %MEM ARGS Sat Oct  3 19:06:42 UTC 2026
 0.0  0.0 grep --color=auto ./cli       0  2160
87.4  0.4 ./cli kernel images/2048x20   0 39584
  PID User     Command                         Swap      USS      PSS      RSS 
57106 codespace /usr/bin/python3 /usr/bin/s        0    12020    12242    14472 
56921 codespace ./cli kernel images/2048x20        0    38732    38778    39968 
%CPU %MEM ARGS Sat Oct  3 19:06:43 UTC 2026
 0.0  0.0 grep --color=auto ./cli       0  2184
87.2  0.5 ./cli kernel images/2048x20   0 41800
  PID User     Command                         Swap      USS      PSS      RSS 
57111 codespace /usr/bin/python3 /usr/bin/s        0    12016    12240    14496 
56921 codespace ./cli kernel images/2048x20        0    40968    41013    42204 
%CPU %MEM ARGS Sat Oct  3 19:06:43 UTC 2026
 0.0  0.0 grep --color=auto ./cli       1  2196
87.7  0.5 ./cli kernel images/2048x20   0 44136
  PID User     Command                         Swap      USS      PSS      RSS 
57116 codespace /usr/bin/python3 /usr/bin/s        0    12016    12240    14484 
56921 codespace ./cli kernel images/2048x20        0    43412    43458    44648 
%CPU %MEM ARGS Sat Oct  3 19:06:43 UTC 2026
 0.0  0.0 grep --color=auto ./cli       1  2208
88.1  0.5 ./cli kernel images/2048x20   0 46572
  PID User     Command                         Swap      USS      PSS      RSS 
57122 codespace /usr/bin/python3 /usr/bin/s        0    12020    12252    14576 
56921 codespace ./cli kernel images/2048x20        0    45780    45825    47016 
%CPU %MEM ARGS Sat Oct  3 19:06:44 UTC 2026
 0.0  0.0 grep --color=auto ./cli       0  2172
88.5  0.5 ./cli kernel images/2048x20   0 48756
  PID User     Command                         Swap      USS      PSS      RSS 
57133 codespace /usr/bin/python3 /usr/bin/s        0    12020    12241    14436 
56921 codespace ./cli kernel images/2048x20        0    47904    47949    49140 
%CPU %MEM ARGS Sat Oct  3 19:06:44 UTC 2026
 0.0  0.0 grep --color=auto ./cli       0  2156
88.7  0.6 ./cli kernel images/2048x20   0 52252
  PID User     Command                         Swap      USS      PSS      RSS 
57138 codespace /usr/bin/python3 /usr/bin/s        0    12016    12242    14468 
56921 codespace ./cli kernel images/2048x20        0    53324    53369    54560 
%CPU %MEM ARGS Sat Oct  3 19:06:44 UTC 2026
 0.0  0.0 grep --color=auto ./cli       0  2252
89.1  0.8 ./cli kernel images/2048x20   0 65824
  PID User     Command                         Swap      USS      PSS      RSS 
57143 codespace /usr/bin/python3 /usr/bin/s        0    11992    12215    14468 
56921 codespace ./cli kernel images/2048x20        0    66952    66998    68188 
%CPU %MEM ARGS Sat Oct  3 19:06:44 UTC 2026
 0.0  0.0 grep --color=auto ./cli       0  2288
89.4  0.9 ./cli kernel images/2048x20   0 79700
  PID User     Command                         Swap      USS      PSS      RSS 
57149 codespace /usr/bin/python3 /usr/bin/s        0    12016    12241    14432 
56921 codespace ./cli kernel images/2048x20        0    80992    81037    82228 
%CPU %MEM ARGS Sat Oct  3 19:06:45 UTC 2026
 0.0  0.0 grep --color=auto ./cli       0  2152
89.7  1.1 ./cli kernel images/2048x20   1 94000
  PID User     Command                         Swap      USS      PSS      RSS 
57154 codespace /usr/bin/python3 /usr/bin/s        0    12020    12252    14580 
56921 codespace ./cli kernel images/2048x20        0    95036    95082    96272 
